[33mΓ¥»[39m Building...
[32mΓ£ö[39m Building...
Application bundle generation failed. [6.051 seconds] - 2026-03-03T00:03:04.495Z

node.exe : [1m[31m[31mX 
[41;31m[[41;97mERROR[41;31m][0m [1mTS2307: 
Cannot find module '../../workspace-manager' or 
its corresponding type declarations.[0m 
[1m[35m[plugin angular-compiler][0m
At C:\Users\micro\AppData\Roaming\npm\ng.ps1:24 
char:5
+     & "node$exe"  
"$basedir/node_modules/@angular/cli/bin/ng.js" 
$arg ...
+     ~~~~~~~~~~~~~~~~~~~~~~~~~~~~~~~~~~~~~~~~~~
~~~~~~~~~~~~~~~~~~~~~~~
    + CategoryInfo          : NotSpecified: ([ 
   1m[31m[31mX...r-compiler][0m:String) [],  
   RemoteException
    + FullyQualifiedErrorId : NativeCommandErro 
   r
 

    src/app/shared/components/workspace-manager/
workspace-card/workspace-card.component.ts:4:47:
[37m      4 Γöé ... { ManagedWorkspace, 
ManagedSpace } from 
[32m'../../workspace-manager'[37m;
        Γò╡                                     
        [32m~~~~~~~~~~~~~~~~~~~~~~~~~[0m

[39m[22m
