
> quilix@0.0.0 build
> ng build

[33mΓ¥»[39m Building...
[32mΓ£ö[39m Building...
Application bundle generation failed. [6.502 seconds] - 2026-04-03T00:48:30.834Z

node.exe : [1m[31m[31mX 
[41;31m[[41;97mERROR[41;31m][0m 
[1mTS2307: Cannot find module '../../../.
./core/services/file-manager.service' or 
its corresponding type declarations.[0m 
[1m[35m[plugin angular-compiler][0m
At line:1 char:1
+ & "C:\Program Files\nodejs/node.exe" 
"C:\Users\micro\AppData\Roaming\ ...
+ ~~~~~~~~~~~~~~~~~~~~~~~~~~~~~~~~~~~~~~~~
~~~~~~~~~~~~~~~~~~~~~~~~~~~~~
    + CategoryInfo          : NotSpecifie 
   d: ([1m[31m[31mX...r-compiler][0m  
  :String) [], RemoteException
    + FullyQualifiedErrorId : NativeComma 
   ndError
 

    src/app/shared/components/space-manage
r/file-explorer/details-view/details-view.
ts:3:34:
[37m      3 Γöé ...lorerEntry } from [32
m'../../../../core/services/file-manager.s
ervice'[37m;
        Γò╡                      [32m~~~~
~~~~~~~~~~~~~~~~~~~~~~~~~~~~~~~~~~~~~~~~~~
~~[0m


[31mX 
[41;31m[[41;97mERROR[41;31m][0m 
[1mTS2307: Cannot find module '../../../.
./core/services/file-system.service' or 
its corresponding type declarations.[0m 
[1m[35m[plugin angular-compiler][0m

    src/app/shared/components/space-manage
r/file-explorer/details-view/details-view.
ts:4:34:
[37m      4 Γöé ...stemService } from [3
2m'../../../../core/services/file-system.s
ervice'[37m;
        Γò╡                       [32m~~~
~~~~~~~~~~~~~~~~~~~~~~~~~~~~~~~~~~~~~~~~~~
~~[0m


[31mX 
[41;31m[[41;97mERROR[41;31m][0m 
[1mTS2571: Object is of type 
'unknown'.[0m [1m[35m[plugin 
angular-compiler][0m

    src/app/shared/components/space-manage
r/file-explorer/details-view/details-view.
ts:153:23:
[37m      153 Γöé     const size = await 
[32mthis.fileSystem[37m.calculateDirecto
rySize(han...
          Γò╡                        
[32m~~~~~~~~~~~~~~~[0m


[31mX 
[41;31m[[41;97mERROR[41;31m][0m 
[1mTS2307: Cannot find module '../../../c
ore/services/file-manager.service' or its 
corresponding type declarations.[0m 
[1m[35m[plugin angular-compiler][0m

    src/app/shared/components/space-manage
r/file-explorer/file-explorer.ts:5:54:
[37m      5 Γöé ...anagerService } from 
[32m'../../../core/services/file-manager.s
ervice'[37m;
        Γò╡                         [32m~
~~~~~~~~~~~~~~~~~~~~~~~~~~~~~~~~~~~~~~~~~~
~~[0m


[31mX 
[41;31m[[41;97mERROR[41;31m][0m 
[1mTS2307: Cannot find module '../../../c
ore/services/file-system.service' or its 
corresponding type declarations.[0m 
[1m[35m[plugin angular-compiler][0m

    src/app/shared/components/space-manage
r/file-explorer/file-explorer.ts:6:34:
[37m      6 Γöé ...eSystemService } from 
[32m'../../../core/services/file-system.s
ervice'[37m;
        Γò╡                          [32m
~~~~~~~~~~~~~~~~~~~~~~~~~~~~~~~~~~~~~~~~~~
~~[0m


[31mX 
[41;31m[[41;97mERROR[41;31m][0m 
[1mTS2307: Cannot find module '../../../s
ervices/ui/common/snackbar/snackbar.servic
e' or its corresponding type 
declarations.[0m [1m[35m[plugin 
angular-compiler][0m

    src/app/shared/components/space-manage
r/file-explorer/file-explorer.ts:7:32:
[37m      7 Γöé ...ice } from [32m'../..
/../services/ui/common/snackbar/snackbar.s
ervice'[37m;
        Γò╡               [32m~~~~~~~~~~~
~~~~~~~~~~~~~~~~~~~~~~~~~~~~~~~~~~~~~~~~~~
~~[0m


[31mX 
[41;31m[[41;97mERROR[41;31m][0m 
[1mTS2307: Cannot find module 
'../../../services/ui/common/modal/modal' 
or its corresponding type 
declarations.[0m [1m[35m[plugin 
angular-compiler][0m

    src/app/shared/components/space-manage
r/file-explorer/file-explorer.ts:8:29:
[37m      8 Γöé ...rt { ModalService } 
from [32m'../../../services/ui/common/mod
al/modal'[37m;
        Γò╡                             [
32m~~~~~~~~~~~~~~~~~~~~~~~~~~~~~~~~~~~~~~~
~~[0m


[31mX 
[41;31m[[41;97mERROR[41;31m][0m 
[1mTS2307: Cannot find module 
'../../../core/services/toolbar.service' 
or its corresponding type 
declarations.[0m [1m[35m[plugin 
angular-compiler][0m

    src/app/shared/components/space-manage
r/file-explorer/file-explorer.ts:9:46:
[37m      9 Γöé ...ice, ToolbarConfig } 
from [32m'../../../core/services/toolbar.
service'[37m;
        Γò╡                              
[32m~~~~~~~~~~~~~~~~~~~~~~~~~~~~~~~~~~~~~~
~~[0m


[31mX 
[41;31m[[41;97mERROR[41;31m][0m 
[1mTS2307: Cannot find module 
'../../../core/db/app-db' or its 
corresponding type declarations.[0m 
[1m[35m[plugin angular-compiler][0m

    src/app/shared/components/space-manage
r/file-explorer/file-explorer.ts:10:19:
[37m      10 Γöé import { db } from 
[32m'../../../core/db/app-db'[37m;
         Γò╡                    
[32m~~~~~~~~~~~~~~~~~~~~~~~~~[0m


[31mX 
[41;31m[[41;97mERROR[41;31m][0m 
[1mTS2307: Cannot find module 
'../../../core/interfaces/space' or its 
corresponding type declarations.[0m 
[1m[35m[plugin angular-compiler][0m

    src/app/shared/components/space-manage
r/file-explorer/file-explorer.ts:11:22:
[37m      11 Γöé import { Space } from [
32m'../../../core/interfaces/space'[37m;
         Γò╡                       
[32m~~~~~~~~~~~~~~~~~~~~~~~~~~~~~~~~[0m


[31mX 
[41;31m[[41;97mERROR[41;31m][0m 
[1mTS2571: Object is of type 
'unknown'.[0m [1m[35m[plugin 
angular-compiler][0m

    src/app/shared/components/space-manage
r/file-explorer/file-explorer.ts:68:36:
[37m      68 Γöé ...rdHasItem = 
computed(() => 
[32mthis.fileManager[37m.clipboard() 
!== null);
         Γò╡                              
 [32m~~~~~~~~~~~~~~~~[0m


[31mX 
[41;31m[[41;97mERROR[41;31m][0m 
[1mTS2571: Object is of type 
'unknown'.[0m [1m[35m[plugin 
angular-compiler][0m

    src/app/shared/components/space-manage
r/file-explorer/file-explorer.ts:88:6:
[37m      88 Γöé       
[32mthis.toolbar[37m.clearConfig(); // 
Restore global nav bar when l...
         Γò╡       [32m~~~~~~~~~~~~[0m


[31mX 
[41;31m[[41;97mERROR[41;31m][0m 
[1mTS2571: Object is of type 
'unknown'.[0m [1m[35m[plugin 
angular-compiler][0m

    src/app/shared/components/space-manage
r/file-explorer/file-explorer.ts:185:6:
[37m      185 Γöé       
[32mthis.toolbar[37m.setConfig(config);
          Γò╡       [32m~~~~~~~~~~~~[0m


[31mX 
[41;31m[[41;97mERROR[41;31m][0m 
[1mTS2571: Object is of type 
'unknown'.[0m [1m[35m[plugin 
angular-compiler][0m

    src/app/shared/components/space-manage
r/file-explorer/file-explorer.ts:235:32:
[37m      235 Γöé ...  const hasPerm = 
await [32mthis.fileSystem[37m.verifyPerm
ission(node....
          Γò╡                            
[32m~~~~~~~~~~~~~~~[0m


[31mX 
[41;31m[[41;97mERROR[41;31m][0m 
[1mTS2571: Object is of type 
'unknown'.[0m [1m[35m[plugin 
angular-compiler][0m

    src/app/shared/components/space-manage
r/file-explorer/file-explorer.ts:242:31:
[37m      242 Γöé       const newEntries 
= await 
[32mthis.fileManager[37m.readDirectory({
          Γò╡                             
   [32m~~~~~~~~~~~~~~~~[0m


[31mX 
[41;31m[[41;97mERROR[41;31m][0m 
[1mTS7006: Parameter 'e' implicitly has 
an 'any' type.[0m [1m[35m[plugin 
angular-compiler][0m

    src/app/shared/components/space-manage
r/file-explorer/file-explorer.ts:252:46:
[37m      252 Γöé ...ntSelected && 
!newEntries.find([32me[37m => e.name 
=== currentSelected...
          Γò╡                             
      [32m^[0m


[31mX 
[41;31m[[41;97mERROR[41;31m][0m 
[1mTS2571: Object is of type 
'unknown'.[0m [1m[35m[plugin 
angular-compiler][0m

    src/app/shared/components/space-manage
r/file-explorer/file-explorer.ts:268:6:
[37m      268 Γöé       
[32mthis.snackbar[37m.error('Could not 
read folder contents.', unde...
          Γò╡       [32m~~~~~~~~~~~~~[0m


[31mX 
[41;31m[[41;97mERROR[41;31m][0m 
[1mTS2571: Object is of type 
'unknown'.[0m [1m[35m[plugin 
angular-compiler][0m

    src/app/shared/components/space-manage
r/file-explorer/file-explorer.ts:289:8:
[37m      289 Γöé         [32mthis.fileS
ystem[37m.calculateDirectorySize(folder.h
andle as F...
          Γò╡         
[32m~~~~~~~~~~~~~~~[0m


[31mX 
[41;31m[[41;97mERROR[41;31m][0m 
[1mTS7006: Parameter 'size' implicitly 
has an 'any' type.[0m [1m[35m[plugin 
angular-compiler][0m

    src/app/shared/components/space-manage
r/file-explorer/file-explorer.ts:289:96:
[37m      289 Γöé 
...rySize(folder.handle as FileSystemDirec
toryHandle).then([32msize[37m => {
          Γò╡                             
                               
[32m~~~~[0m


[31mX 
[41;31m[[41;97mERROR[41;31m][0m 
[1mTS2571: Object is of type 
'unknown'.[0m [1m[35m[plugin 
angular-compiler][0m

    src/app/shared/components/space-manage
r/file-explorer/file-explorer.ts:321:6:
[37m      321 Γöé       
[32mthis.snackbar[37m.info(`File 
preview coming soon. (${entry.name...
          Γò╡       [32m~~~~~~~~~~~~~[0m


[31mX 
[41;31m[[41;97mERROR[41;31m][0m 
[1mTS2571: Object is of type 
'unknown'.[0m [1m[35m[plugin 
angular-compiler][0m

    src/app/shared/components/space-manage
r/file-explorer/file-explorer.ts:418:12:
[37m      418 Γöé             
[32mthis.snackbar[37m.error('Rename 
failed: Parent context lo...
          Γò╡             
[32m~~~~~~~~~~~~~[0m


[31mX 
[41;31m[[41;97mERROR[41;31m][0m 
[1mTS2571: Object is of type 
'unknown'.[0m [1m[35m[plugin 
angular-compiler][0m

    src/app/shared/components/space-manage
r/file-explorer/file-explorer.ts:425:30:
[37m      425 Γöé         const success 
= await 
[32mthis.fileManager[37m.renameEntry(
          Γò╡                             
  [32m~~~~~~~~~~~~~~~~[0m


[31mX 
[41;31m[[41;97mERROR[41;31m][0m 
[1mTS2571: Object is of type 
'unknown'.[0m [1m[35m[plugin 
angular-compiler][0m

    src/app/shared/components/space-manage
r/file-explorer/file-explorer.ts:439:12:
[37m      439 Γöé             
[32mthis.snackbar[37m.success('Item 
renamed.');
          Γò╡             
[32m~~~~~~~~~~~~~[0m


[31mX 
[41;31m[[41;97mERROR[41;31m][0m 
[1mTS2571: Object is of type 
'unknown'.[0m [1m[35m[plugin 
angular-compiler][0m

    src/app/shared/components/space-manage
r/file-explorer/file-explorer.ts:441:12:
[37m      441 Γöé             
[32mthis.snackbar[37m.error('Rename 
failed.');
          Γò╡             
[32m~~~~~~~~~~~~~[0m


[31mX 
[41;31m[[41;97mERROR[41;31m][0m 
[1mTS2571: Object is of type 
'unknown'.[0m [1m[35m[plugin 
angular-compiler][0m

    src/app/shared/components/space-manage
r/file-explorer/file-explorer.ts:445:8:
[37m      445 Γöé         
[32mthis.snackbar[37m.error(err.message 
|| 'Failed to rename.');
          Γò╡         
[32m~~~~~~~~~~~~~[0m


[31mX 
[41;31m[[41;97mERROR[41;31m][0m 
[1mTS2571: Object is of type 
'unknown'.[0m [1m[35m[plugin 
angular-compiler][0m

    src/app/shared/components/space-manage
r/file-explorer/file-explorer.ts:458:14:
[37m      458 Γöé         await 
[32mthis.fileManager[37m.deleteEntry({ 
parentHandle: node.h...
          Γò╡               
[32m~~~~~~~~~~~~~~~~[0m


[31mX 
[41;31m[[41;97mERROR[41;31m][0m 
[1mTS2571: Object is of type 
'unknown'.[0m [1m[35m[plugin 
angular-compiler][0m

    src/app/shared/components/space-manage
r/file-explorer/file-explorer.ts:459:8:
[37m      459 Γöé         
[32mthis.snackbar[37m.info('Item 
permanently deleted.');
          Γò╡         
[32m~~~~~~~~~~~~~[0m


[31mX 
[41;31m[[41;97mERROR[41;31m][0m 
[1mTS2571: Object is of type 
'unknown'.[0m [1m[35m[plugin 
angular-compiler][0m

    src/app/shared/components/space-manage
r/file-explorer/file-explorer.ts:464:8:
[37m      464 Γöé         
[32mthis.snackbar[37m.error('Failed to 
delete item.');
          Γò╡         
[32m~~~~~~~~~~~~~[0m


[31mX 
[41;31m[[41;97mERROR[41;31m][0m 
[1mTS2571: Object is of type 
'unknown'.[0m [1m[35m[plugin 
angular-compiler][0m

    src/app/shared/components/space-manage
r/file-explorer/file-explorer.ts:505:20:
[37m      505 Γöé               await [3
2mthis.fileManager[37m.createFolder(conte
xt, name);
          Γò╡                     
[32m~~~~~~~~~~~~~~~~[0m


[31mX 
[41;31m[[41;97mERROR[41;31m][0m 
[1mTS2571: Object is of type 
'unknown'.[0m [1m[35m[plugin 
angular-compiler][0m

    src/app/shared/components/space-manage
r/file-explorer/file-explorer.ts:506:14:
[37m      506 Γöé               
[32mthis.snackbar[37m.success('Folder 
created.');
          Γò╡               
[32m~~~~~~~~~~~~~[0m


[31mX 
[41;31m[[41;97mERROR[41;31m][0m 
[1mTS2571: Object is of type 
'unknown'.[0m [1m[35m[plugin 
angular-compiler][0m

    src/app/shared/components/space-manage
r/file-explorer/file-explorer.ts:508:20:
[37m      508 Γöé               await [3
2mthis.fileManager[37m.createFile(context
, name);
          Γò╡                     
[32m~~~~~~~~~~~~~~~~[0m


[31mX 
[41;31m[[41;97mERROR[41;31m][0m 
[1mTS2571: Object is of type 
'unknown'.[0m [1m[35m[plugin 
angular-compiler][0m

    src/app/shared/components/space-manage
r/file-explorer/file-explorer.ts:509:14:
[37m      509 Γöé               
[32mthis.snackbar[37m.success('File 
created.');
          Γò╡               
[32m~~~~~~~~~~~~~[0m


[31mX 
[41;31m[[41;97mERROR[41;31m][0m 
[1mTS2571: Object is of type 
'unknown'.[0m [1m[35m[plugin 
angular-compiler][0m

    src/app/shared/components/space-manage
r/file-explorer/file-explorer.ts:513:10:
[37m      513 Γöé           
[32mthis.snackbar[37m.error('Failed to 
create item.');
          Γò╡           
[32m~~~~~~~~~~~~~[0m


[31mX 
[41;31m[[41;97mERROR[41;31m][0m 
[1mTS2571: Object is of type 
'unknown'.[0m [1m[35m[plugin 
angular-compiler][0m

    src/app/shared/components/space-manage
r/file-explorer/file-explorer.ts:523:6:
[37m      523 Γöé       [32mthis.fileMan
ager[37m.setClipboard(entry, 'copy');
          Γò╡       
[32m~~~~~~~~~~~~~~~~[0m


[31mX 
[41;31m[[41;97mERROR[41;31m][0m 
[1mTS2571: Object is of type 
'unknown'.[0m [1m[35m[plugin 
angular-compiler][0m

    src/app/shared/components/space-manage
r/file-explorer/file-explorer.ts:525:6:
[37m      525 Γöé       
[32mthis.snackbar[37m.info(`Copied 
${entry.name}`);
          Γò╡       [32m~~~~~~~~~~~~~[0m


[31mX 
[41;31m[[41;97mERROR[41;31m][0m 
[1mTS2571: Object is of type 
'unknown'.[0m [1m[35m[plugin 
angular-compiler][0m

    src/app/shared/components/space-manage
r/file-explorer/file-explorer.ts:529:6:
[37m      529 Γöé       [32mthis.fileMan
ager[37m.setClipboard(entry, 'cut');
          Γò╡       
[32m~~~~~~~~~~~~~~~~[0m


[31mX 
[41;31m[[41;97mERROR[41;31m][0m 
[1mTS2571: Object is of type 
'unknown'.[0m [1m[35m[plugin 
angular-compiler][0m

    src/app/shared/components/space-manage
r/file-explorer/file-explorer.ts:531:6:
[37m      531 Γöé       
[32mthis.snackbar[37m.info(`Cut 
${entry.name}`);
          Γò╡       [32m~~~~~~~~~~~~~[0m


[31mX 
[41;31m[[41;97mERROR[41;31m][0m 
[1mTS2571: Object is of type 
'unknown'.[0m [1m[35m[plugin 
angular-compiler][0m

    src/app/shared/components/space-manage
r/file-explorer/file-explorer.ts:547:32:
[37m      547 Γöé           const 
success = await 
[32mthis.fileManager[37m.paste(context);
          Γò╡                             
    [32m~~~~~~~~~~~~~~~~[0m


[31mX 
[41;31m[[41;97mERROR[41;31m][0m 
[1mTS2571: Object is of type 
'unknown'.[0m [1m[35m[plugin 
angular-compiler][0m

    src/app/shared/components/space-manage
r/file-explorer/file-explorer.ts:549:14:
[37m      549 Γöé               
[32mthis.snackbar[37m.success('Pasted 
successfully.');
          Γò╡               
[32m~~~~~~~~~~~~~[0m


[31mX 
[41;31m[[41;97mERROR[41;31m][0m 
[1mTS2571: Object is of type 
'unknown'.[0m [1m[35m[plugin 
angular-compiler][0m

    src/app/shared/components/space-manage
r/file-explorer/file-explorer.ts:552:14:
[37m      552 Γöé               
[32mthis.snackbar[37m.error('Paste 
failed. (Note: Directory...
          Γò╡               
[32m~~~~~~~~~~~~~[0m


[31mX 
[41;31m[[41;97mERROR[41;31m][0m 
[1mTS2571: Object is of type 
'unknown'.[0m [1m[35m[plugin 
angular-compiler][0m

    src/app/shared/components/space-manage
r/file-explorer/file-explorer.ts:623:30:
[37m      623 Γöé ...const rootValid = 
await [32mthis.fileSystem[37m.verifyPerm
ission(root....
          Γò╡                            
[32m~~~~~~~~~~~~~~~[0m


[31mX 
[41;31m[[41;97mERROR[41;31m][0m 
[1mTS7006: Parameter 'v' implicitly has 
an 'any' type.[0m [1m[35m[plugin 
angular-compiler][0m

    src/app/shared/components/space-manage
r/file-explorer/file-explorer.ts:624:29:
[37m      624 Γöé                        
.then([32mv[37m => v && 
this.fileSystem.testHandle...
          Γò╡                             
 [32m^[0m


[31mX 
[41;31m[[41;97mERROR[41;31m][0m 
[1mTS2571: Object is of type 
'unknown'.[0m [1m[35m[plugin 
angular-compiler][0m

    src/app/shared/components/space-manage
r/file-explorer/file-explorer.ts:624:39:
[37m      624 Γöé ...        .then(v => 
v && [32mthis.fileSystem[37m.testHandleA
ccess(root....
          Γò╡                            
[32m~~~~~~~~~~~~~~~[0m


[31mX 
[41;31m[[41;97mERROR[41;31m][0m 
[1mTS2571: Object is of type 
'unknown'.[0m [1m[35m[plugin 
angular-compiler][0m

    src/app/shared/components/space-manage
r/file-explorer/file-explorer.ts:631:34:
[37m      631 Γöé ...const freshRoot = 
await [32mthis.fileSystem[37m.resolveSpa
ceHandle(wor...
          Γò╡                            
[32m~~~~~~~~~~~~~~~[0m


[31mX 
[41;31m[[41;97mERROR[41;31m][0m 
[1mTS2571: Object is of type 
'unknown'.[0m [1m[35m[plugin 
angular-compiler][0m

    src/app/shared/components/space-manage
r/file-explorer/file-explorer.ts:647:37:
[37m      647 Γöé ...st currentValid = 
await [32mthis.fileSystem[37m.testHandle
Access(curre...
          Γò╡                            
[32m~~~~~~~~~~~~~~~[0m


[31mX 
[41;31m[[41;97mERROR[41;31m][0m 
[1mTS2571: Object is of type 
'unknown'.[0m [1m[35m[plugin 
angular-compiler][0m

    src/app/shared/components/space-manage
r/file-explorer/file-explorer.ts:651:40:
[37m      651 Γöé ...nst freshHandle = 
await [32mthis.fileSystem[37m.findHandle
ByInternalId...
          Γò╡                            
[32m~~~~~~~~~~~~~~~[0m


[31mX 
[41;31m[[41;97mERROR[41;31m][0m 
[1mTS2571: Object is of type 
'unknown'.[0m [1m[35m[plugin 
angular-compiler][0m

    src/app/shared/components/space-manage
r/file-explorer/file-explorer.ts:675:6:
[37m      675 Γöé       [32mthis.modals
[37m.openFileDetails(entry);
          Γò╡       [32m~~~~~~~~~~~[0m


[31mX 
[41;31m[[41;97mERROR[41;31m][0m 
[1mCould not resolve "../../../../core/se
rvices/file-system.service"[0m

    src/app/shared/components/space-manage
r/file-explorer/details-view/details-view.
ts:4:34:
[37m      4 Γöé ...stemService } from [3
2m'../../../../core/services/file-system.s
ervice'[37m;
        Γò╡                       [32m~~~
~~~~~~~~~~~~~~~~~~~~~~~~~~~~~~~~~~~~~~~~~~
~~[0m


[31mX 
[41;31m[[41;97mERROR[41;31m][0m 
[1mCould not resolve "../../../core/servi
ces/file-manager.service"[0m

    src/app/shared/components/space-manage
r/file-explorer/file-explorer.ts:5:54:
[37m      5 Γöé ...anagerService } from 
[32m'../../../core/services/file-manager.s
ervice'[37m;
        Γò╡                         [32m~
~~~~~~~~~~~~~~~~~~~~~~~~~~~~~~~~~~~~~~~~~~
~~[0m


[31mX 
[41;31m[[41;97mERROR[41;31m][0m 
[1mCould not resolve "../../../core/servi
ces/file-system.service"[0m

    src/app/shared/components/space-manage
r/file-explorer/file-explorer.ts:6:34:
[37m      6 Γöé ...eSystemService } from 
[32m'../../../core/services/file-system.s
ervice'[37m;
        Γò╡                          [32m
~~~~~~~~~~~~~~~~~~~~~~~~~~~~~~~~~~~~~~~~~~
~~[0m


[31mX 
[41;31m[[41;97mERROR[41;31m][0m 
[1mCould not resolve "../../../services/u
i/common/snackbar/snackbar.service"[0m

    src/app/shared/components/space-manage
r/file-explorer/file-explorer.ts:7:32:
[37m      7 Γöé ...ice } from [32m'../..
/../services/ui/common/snackbar/snackbar.s
ervice'[37m;
        Γò╡               [32m~~~~~~~~~~~
~~~~~~~~~~~~~~~~~~~~~~~~~~~~~~~~~~~~~~~~~~
~~[0m


[31mX 
[41;31m[[41;97mERROR[41;31m][0m 
[1mCould not resolve "../../../services/u
i/common/modal/modal"[0m

    src/app/shared/components/space-manage
r/file-explorer/file-explorer.ts:8:29:
[37m      8 Γöé ...rt { ModalService } 
from [32m'../../../services/ui/common/mod
al/modal'[37m;
        Γò╡                             [
32m~~~~~~~~~~~~~~~~~~~~~~~~~~~~~~~~~~~~~~~
~~[0m


[31mX 
[41;31m[[41;97mERROR[41;31m][0m 
[1mCould not resolve "../../../core/servi
ces/toolbar.service"[0m

    src/app/shared/components/space-manage
r/file-explorer/file-explorer.ts:9:46:
[37m      9 Γöé ...ice, ToolbarConfig } 
from [32m'../../../core/services/toolbar.
service'[37m;
        Γò╡                              
[32m~~~~~~~~~~~~~~~~~~~~~~~~~~~~~~~~~~~~~~
~~[0m


[31mX 
[41;31m[[41;97mERROR[41;31m][0m 
[1mCould not resolve 
"../../../core/db/app-db"[0m

    src/app/shared/components/space-manage
r/file-explorer/file-explorer.ts:10:19:
[37m      10 Γöé import { db } from 
[32m'../../../core/db/app-db'[37m;
         Γò╡                    
[32m~~~~~~~~~~~~~~~~~~~~~~~~~[0m

[39m[22m
